ok   format       evidence: [1-9][0-9]* files? (already formatted|would be reformatted)
ok   lint         evidence: Contracts: [1-9][0-9]* kept
                  floor:  5
ok   typecheck    evidence: Success: no issues found in [1-9][0-9]* source file
                  floor:  44
ok   unit         evidence: [1-9][0-9]* passed
                  floor:  529
ok   coverage     evidence: [1-9][0-9]* passed
                  floor:  529
ok   coverage-core evidence: [1-9][0-9]* passed
                  floor:  524
ok   integration  evidence: [1-9][0-9]* passed
                  floor:  26
                  skipped-when: [1-9][0-9]* skipped
                  slow:   loads real .onnx models onto the GPU and calls a paid API
ok   build        evidence: Building EXE from|completed successfully
                  slow:   PyInstaller freezes an interpreter and later ~1 GB of weights; 34 s at MT-001 with PySide6 alone, minutes once the weights land
WARN mutation     no evidence line; a vacuous pass would go unnoticed

Manifest audit passed.
