ok   short        (unconfigured)
ok   unit         evidence: Tests +[1-9][0-9]* passed|Checks [0-9]+ ok
                  floor:  40
                  ci-factor: 3.4 | actions run 412
ok   lint         evidence: Checked [1-9][0-9]* files
                  floor:  3
                  ci-factor: 1.5 | actions run 412 | lint job | step 3
ok   types        (liveness declared unassertable)
ok   coverage     evidence: Coverage [0-9]+% of [1-9][0-9]* files
                  ci-factor: 2.5 |  | measured in actions run 413
                  slow:   instrumented | about 3x the plain run
ok   e2e          evidence: Tests +[0-9]+ passed
ok   docs         (unconfigured)
ok   mutation     (liveness declared unassertable)
                  on-request: minutes per mutant | run with --gate mutation

Manifest audit passed.
rc=0
