source	src/main.ts
source	src/lib/layer-imports.ts
source	src/new-file.ts
source	notes-inline.txt
test	tests/main.test.ts
test	tests/guards/layer-imports.test.ts
test	src/main.test.ts
docs	docs/notes.md
docs	docs/backlog/stories/T-1.md
harness	.claude/hooks/lib.sh
harness	.claude/harness/paths.conf
harness	.claude/state/current-story.env
manifest	package.json
config	tsconfig.json
vendor	node_modules
vendor	node_modules/x/index.js
vendor	dist
vendor	dist/bundle.js
ignored	.vitest
ignored	.vitest/
ignored	.vitest/results.json
ignored	playwright-report
ignored	playwright-report/
ignored	bareonly
source	bareonly/
ignored	x.tmp
source	keep.tmp
source	./src/main.ts
source	@ROOTBS@\src\main.ts
test	@ROOTBS@\tests\main.test.ts
docs	@ROOTBS@\docs\notes.md
ignored	@ROOTBS@\.vitest
ignored	@ROOTBS@\playwright-report
ignored	@ROOTBS@\bareonly
vendor	@ROOT@/dist
outside	C:\elsewhere\@BASE@\.vitest
outside	C:\elsewhere\@BASE@\src\main.ts
outside	C:\elsewhere\other\x.ts
outside	/tmp/elsewhere/x.ts
